RUN=org.systemmaster.platform.windows.WindowsLocalFoundationPortableTests
Picked up JAVA_TOOL_OPTIONS: -Djava.awt.headless=true
WINDOWS_LOCAL_FOUNDATION_PORTABLE_PASS assertions=20 engines=11
RUN=org.systemmaster.tools.design.DesignIntelligence001APortableTests
Picked up JAVA_TOOL_OPTIONS: -Djava.awt.headless=true
DESIGN_INTELLIGENCE_001A_PORTABLE_PASS assertions=116 slides=3 rasterCalls=2
RUN=org.systemmaster.tools.design.MasterpieceDesignFoundationPortableTests
Picked up JAVA_TOOL_OPTIONS: -Djava.awt.headless=true
MASTERPIECE_DESIGN_FOUNDATION_PORTABLE_PASS assertions=13 dimensions=13
RUN=org.systemmaster.tools.document.CanonicalDocumentGraphPortableTests
Picked up JAVA_TOOL_OPTIONS: -Djava.awt.headless=true
CANONICAL_DOCUMENT_GRAPH_PORTABLE_PASS assertions=27 schema=CDG-1 proofGates=6
RUN=org.systemmaster.tools.document.CanonicalDocumentGraphV2PortableTests
Picked up JAVA_TOOL_OPTIONS: -Djava.awt.headless=true
[Fatal Error] :1:31: DOCTYPE is disallowed when the feature "http://apache.org/xml/features/disallow-doctype-decl" set to true.
CANONICAL_DOCUMENT_GRAPH_V2_PORTABLE_PASS assertions=40 schema=CDG-2
RUN=org.systemmaster.tools.document.Df002aQh001SyncGatePortableTests
Picked up JAVA_TOOL_OPTIONS: -Djava.awt.headless=true
DF002A_QH001_SYNC_GATE_PORTABLE_PASS assertions=13
RUN=org.systemmaster.tools.document.DocumentDocxMasteryT01PortableTests
Picked up JAVA_TOOL_OPTIONS: -Djava.awt.headless=true
[Fatal Error] :1:31: DOCTYPE is disallowed when the feature "http://apache.org/xml/features/disallow-doctype-decl" set to true.
DOCUMENT_DOCX_MASTERY_T01_PORTABLE_PASS assertions=78 capabilities=45
RUN=org.systemmaster.tools.document.DocumentDocxMasteryT02PortableTests
Picked up JAVA_TOOL_OPTIONS: -Djava.awt.headless=true
DOCUMENT_DOCX_MASTERY_T02_PORTABLE_PASS assertions=126 capabilities=60
RUN=org.systemmaster.tools.document.DocumentDocxMasteryT03PortableTests
Picked up JAVA_TOOL_OPTIONS: -Djava.awt.headless=true
DOCUMENT_DOCX_MASTERY_T03_PORTABLE_PASS assertions=73 capabilities=60
RUN=org.systemmaster.tools.document.DocumentDocxMasteryT04PortableTests
Picked up JAVA_TOOL_OPTIONS: -Djava.awt.headless=true
DOCUMENT_DOCX_MASTERY_T04_PORTABLE_PASS assertions=76 capabilities=60
RUN=org.systemmaster.tools.document.DocumentDocxMasteryT05PortableTests
Picked up JAVA_TOOL_OPTIONS: -Djava.awt.headless=true
DOCUMENT_DOCX_MASTERY_T05_PORTABLE_PASS assertions=60 capabilities=60
RUN=org.systemmaster.tools.document.DocumentDocxMasteryT06PortableTests
Picked up JAVA_TOOL_OPTIONS: -Djava.awt.headless=true
DOCUMENT_DOCX_MASTERY_T06_PORTABLE_PASS assertions=87 capabilities=60
RUN=org.systemmaster.tools.document.DocumentDocxMasteryT07PortableTests
Picked up JAVA_TOOL_OPTIONS: -Djava.awt.headless=true
[Fatal Error] :1:10: DOCTYPE is disallowed when the feature "http://apache.org/xml/features/disallow-doctype-decl" set to true.
DOCUMENT_DOCX_MASTERY_T07_PORTABLE_PASS assertions=77 capabilities=60
RUN=org.systemmaster.tools.document.DocumentDocxMasteryT08PortableTests
Picked up JAVA_TOOL_OPTIONS: -Djava.awt.headless=true
DOCUMENT_DOCX_MASTERY_T08_PORTABLE_PASS assertions=64 capabilities=60
RUN=org.systemmaster.tools.document.DocumentDocxMasteryT13PortableTests
Picked up JAVA_TOOL_OPTIONS: -Djava.awt.headless=true
[Fatal Error] :1:31: DOCTYPE is disallowed when the feature "http://apache.org/xml/features/disallow-doctype-decl" set to true.
DOCUMENT_DOCX_MASTERY_T13_PORTABLE_PASS assertions=80 capabilities=40
RUN=org.systemmaster.tools.document.DocumentDocxMasteryT14PortableTests
Picked up JAVA_TOOL_OPTIONS: -Djava.awt.headless=true
[Fatal Error] :1:31: DOCTYPE is disallowed when the feature "http://apache.org/xml/features/disallow-doctype-decl" set to true.
DOCUMENT_DOCX_MASTERY_T14_PORTABLE_PASS assertions=55 capabilities=40
RUN=org.systemmaster.tools.document.DocumentProcessingPortableTests
Picked up JAVA_TOOL_OPTIONS: -Djava.awt.headless=true
UNIVERSAL_DOCUMENT_PROCESSING_PORTABLE_PASS assertions=46 active=DOCX,DOCM,PDF,PPTX,PPTM,MD,TXT,HTML,RTF recognized=ODT,EPUB,DOC,PPT,ODP,PPSX,POTX
RUN=org.systemmaster.tools.document.DocumentSpine002APortableTests
Picked up JAVA_TOOL_OPTIONS: -Djava.awt.headless=true
DOCUMENT_SPINE_002A_PORTABLE_PASS assertions=36
RUN=org.systemmaster.tools.document.DocumentWorldClass001APortableTests
Picked up JAVA_TOOL_OPTIONS: -Djava.awt.headless=true
DOCUMENT_WORLD_CLASS_001A_PORTABLE_PASS assertions=41 cdg=CDG-1 op=DOC-OP-1 render=RENDER-PROOF-1
RUN=org.systemmaster.tools.document.DocumentWorldClass001CPortableTests
Picked up JAVA_TOOL_OPTIONS: -Djava.awt.headless=true
DOCUMENT_WORLD_CLASS_001C_PORTABLE_PASS assertions=43
RUN=org.systemmaster.tools.docx.DocxFullLanePortableTests
Picked up JAVA_TOOL_OPTIONS: -Djava.awt.headless=true
[Fatal Error] :1:10: DOCTYPE is disallowed when the feature "http://apache.org/xml/features/disallow-doctype-decl" set to true.
DOCX_FULL_LANE_PORTABLE_PASS assertions=33 portable=45 delegated=7 externalPending=8
RUN=org.systemmaster.tools.docx.DocxToolPortableTests
Picked up JAVA_TOOL_OPTIONS: -Djava.awt.headless=true
DOCX_TOOL_PORTABLE_PASS assertions=19
RUN=org.systemmaster.tools.ocr.OcrFullLanePortableTests
Picked up JAVA_TOOL_OPTIONS: -Djava.awt.headless=true
OCR_FULL_LANE_PORTABLE_PASS assertions=13 portable=174 delegated=15 pending=64
RUN=org.systemmaster.tools.pdf.PdfFullLanePortableTests
Picked up JAVA_TOOL_OPTIONS: -Djava.awt.headless=true
PDF_FULL_LANE_PORTABLE_PASS assertions=12 portable=94 delegated=70 pending=36
RUN=org.systemmaster.tools.pptx.PptxFullLanePortableTests
Picked up JAVA_TOOL_OPTIONS: -Djava.awt.headless=true
[Fatal Error] :1:10: DOCTYPE is disallowed when the feature "http://apache.org/xml/features/disallow-doctype-decl" set to true.
PPTX_FULL_LANE_PORTABLE_PASS assertions=35 portable=64 delegated=6 externalPending=8
RUN=org.systemmaster.tools.review.DocumentWorldClass001BPortableTests
Picked up JAVA_TOOL_OPTIONS: -Djava.awt.headless=true
DOCUMENT_WORLD_CLASS_001B_PORTABLE_PASS assertions=54 review=REVIEW-GRAPH-1 decision=REVIEW-DECISION-1
RUN=org.systemmaster.tools.vision.DifficultDocumentPlannerPortableTests
Picked up JAVA_TOOL_OPTIONS: -Djava.awt.headless=true
DIFFICULT_DOCUMENT_PLANNER_PORTABLE_PASS assertions=21
RUN=org.systemmaster.tools.vision.DocumentVision001APortableTests
Picked up JAVA_TOOL_OPTIONS: -Djava.awt.headless=true
DOCUMENT_VISION_001A_PORTABLE_PASS assertions=45
RUN=org.systemmaster.tools.vision.LocalVlmProcessPortPortableTests
Picked up JAVA_TOOL_OPTIONS: -Djava.awt.headless=true
LOCAL_VLM_PROCESS_PORT_PORTABLE_PASS assertions=8
RUN=org.systemmaster.tools.vision.PaddleStructureAdapterPortableTests
Picked up JAVA_TOOL_OPTIONS: -Djava.awt.headless=true
PADDLE_STRUCTURE_ADAPTER_PORTABLE_PASS assertions=8
RUN=org.systemmaster.tools.vision.PdfSourceForensicsPortableTests
Picked up JAVA_TOOL_OPTIONS: -Djava.awt.headless=true
PDF_SOURCE_FORENSICS_PORTABLE_PASS assertions=16
PORTABLE_TEST_CLASSES_PASS=31
